\BOOKMARK [0][-]{chapter.1}{\376\377\000I\000n\000t\000r\000o\000d\000u\000c\000t\000i\000o\000n}{}% 1
\BOOKMARK [1][-]{section.1.1}{\376\377\000M\000o\000t\000i\000v\000a\000t\000i\000o\000n}{chapter.1}% 2
\BOOKMARK [1][-]{section.1.2}{\376\377\000O\000b\000j\000e\000c\000t\000i\000v\000e\000s}{chapter.1}% 3
\BOOKMARK [1][-]{section.1.3}{\376\377\000S\000t\000r\000u\000c\000t\000u\000r\000e\000\040\000o\000f\000\040\000t\000h\000e\000\040\000T\000h\000e\000s\000i\000s}{chapter.1}% 4
\BOOKMARK [0][-]{chapter.2}{\376\377\000T\000h\000e\000o\000r\000e\000t\000i\000c\000a\000l\000\040\000B\000a\000c\000k\000g\000r\000o\000u\000n\000d}{}% 5
\BOOKMARK [1][-]{section.2.1}{\376\377\000T\000i\000m\000e\000\040\000S\000y\000n\000c\000h\000r\000o\000n\000i\000z\000a\000t\000i\000o\000n\000\040\000P\000r\000i\000n\000c\000i\000p\000l\000e\000s}{chapter.2}% 6
\BOOKMARK [2][-]{subsection.2.1.1}{\376\377\000C\000l\000o\000c\000k\000\040\000M\000o\000d\000e\000l\000\040\000i\000n\000\040\000D\000i\000s\000t\000r\000i\000b\000u\000t\000e\000d\000\040\000S\000y\000s\000t\000e\000m\000s}{section.2.1}% 7
\BOOKMARK [2][-]{subsection.2.1.2}{\376\377\000O\000s\000c\000i\000l\000l\000a\000t\000o\000r\000\040\000S\000t\000a\000b\000i\000l\000i\000t\000y\000\040\000a\000n\000d\000\040\000D\000r\000i\000f\000t}{section.2.1}% 8
\BOOKMARK [2][-]{subsection.2.1.3}{\376\377\000P\000r\000e\000c\000i\000s\000i\000o\000n\000\040\000a\000n\000d\000\040\000A\000c\000c\000u\000r\000a\000c\000y}{section.2.1}% 9
\BOOKMARK [2][-]{subsection.2.1.4}{\376\377\000N\000e\000t\000w\000o\000r\000k\000-\000B\000a\000s\000e\000d\000\040\000S\000y\000n\000c\000h\000r\000o\000n\000i\000z\000a\000t\000i\000o\000n\000\040\000M\000e\000t\000h\000o\000d\000s}{section.2.1}% 10
\BOOKMARK [2][-]{subsection.2.1.5}{\376\377\000H\000a\000r\000d\000w\000a\000r\000e\000-\000A\000s\000s\000i\000s\000t\000e\000d\000\040\000S\000y\000n\000c\000h\000r\000o\000n\000i\000z\000a\000t\000i\000o\000n}{section.2.1}% 11
\BOOKMARK [2][-]{subsection.2.1.6}{\376\377\000T\000h\000e\000o\000r\000e\000t\000i\000c\000a\000l\000\040\000L\000i\000m\000i\000t\000a\000t\000i\000o\000n\000s}{section.2.1}% 12
\BOOKMARK [1][-]{section.2.2}{\376\377\000G\000N\000S\000S\000\040\000a\000n\000d\000\040\000R\000T\000K\000\040\000F\000u\000n\000d\000a\000m\000e\000n\000t\000a\000l\000s}{chapter.2}% 13
\BOOKMARK [2][-]{subsection.2.2.1}{\376\377\000G\000N\000S\000S\000\040\000T\000i\000m\000e\000\040\000R\000e\000f\000e\000r\000e\000n\000c\000e}{section.2.2}% 14
\BOOKMARK [2][-]{subsection.2.2.2}{\376\377\000R\000e\000a\000l\000-\000T\000i\000m\000e\000\040\000K\000i\000n\000e\000m\000a\000t\000i\000c\000\040\000\050\000R\000T\000K\000\051\000\040\000E\000n\000h\000a\000n\000c\000e\000m\000e\000n\000t}{section.2.2}% 15
\BOOKMARK [2][-]{subsection.2.2.3}{\376\377\000T\000i\000m\000i\000n\000g\000\040\000A\000c\000c\000u\000r\000a\000c\000y\000\040\000a\000n\000d\000\040\000E\000r\000r\000o\000r\000\040\000S\000o\000u\000r\000c\000e\000s}{section.2.2}% 16
\BOOKMARK [2][-]{subsection.2.2.4}{\376\377\000S\000u\000i\000t\000a\000b\000i\000l\000i\000t\000y\000\040\000f\000o\000r\000\040\000U\000A\000V\000\040\000S\000w\000a\000r\000m\000s}{section.2.2}% 17
\BOOKMARK [1][-]{section.2.3}{\376\377\000M\000i\000c\000r\000o\000c\000o\000n\000t\000r\000o\000l\000l\000e\000r\000\040\000T\000i\000m\000i\000n\000g\000\040\000A\000r\000c\000h\000i\000t\000e\000c\000t\000u\000r\000e\000s}{chapter.2}% 18
\BOOKMARK [2][-]{subsection.2.3.1}{\376\377\000I\000n\000t\000e\000r\000n\000a\000l\000\040\000C\000l\000o\000c\000k\000\040\000S\000o\000u\000r\000c\000e\000s}{section.2.3}% 19
\BOOKMARK [2][-]{subsection.2.3.2}{\376\377\000H\000a\000r\000d\000w\000a\000r\000e\000\040\000T\000i\000m\000e\000r\000s\000\040\000a\000n\000d\000\040\000C\000o\000u\000n\000t\000e\000r\000s}{section.2.3}% 20
\BOOKMARK [2][-]{subsection.2.3.3}{\376\377\000I\000n\000p\000u\000t\000\040\000C\000a\000p\000t\000u\000r\000e\000\040\000f\000o\000r\000\040\000P\000P\000S\000\040\000S\000y\000n\000c\000h\000r\000o\000n\000i\000z\000a\000t\000i\000o\000n}{section.2.3}% 21
\BOOKMARK [2][-]{subsection.2.3.4}{\376\377\000I\000n\000t\000e\000r\000r\000u\000p\000t\000\040\000L\000a\000t\000e\000n\000c\000y\000\040\000a\000n\000d\000\040\000J\000i\000t\000t\000e\000r}{section.2.3}% 22
\BOOKMARK [2][-]{subsection.2.3.5}{\376\377\000C\000l\000o\000c\000k\000\040\000D\000i\000s\000c\000i\000p\000l\000i\000n\000e\000\040\000a\000n\000d\000\040\000L\000o\000c\000a\000l\000\040\000T\000i\000m\000e\000\040\000B\000a\000s\000e}{section.2.3}% 23
\BOOKMARK [2][-]{subsection.2.3.6}{\376\377\000H\000a\000r\000d\000w\000a\000r\000e\000\040\000C\000o\000n\000s\000t\000r\000a\000i\000n\000t\000s\000\040\000i\000n\000\040\000U\000A\000V\000\040\000P\000l\000a\000t\000f\000o\000r\000m\000s}{section.2.3}% 24
\BOOKMARK [1][-]{section.2.4}{\376\377\000E\000x\000i\000s\000t\000i\000n\000g\000\040\000S\000y\000n\000c\000h\000r\000o\000n\000i\000z\000a\000t\000i\000o\000n\000\040\000S\000o\000l\000u\000t\000i\000o\000n\000s}{chapter.2}% 25
\BOOKMARK [2][-]{subsection.2.4.1}{\376\377\000N\000e\000t\000w\000o\000r\000k\000-\000B\000a\000s\000e\000d\000\040\000S\000y\000n\000c\000h\000r\000o\000n\000i\000z\000a\000t\000i\000o\000n\000\040\000P\000r\000o\000t\000o\000c\000o\000l\000s}{section.2.4}% 26
\BOOKMARK [2][-]{subsection.2.4.2}{\376\377\000S\000e\000n\000s\000o\000r\000\040\000N\000e\000t\000w\000o\000r\000k\000\040\000S\000y\000n\000c\000h\000r\000o\000n\000i\000z\000a\000t\000i\000o\000n\000\040\000P\000r\000o\000t\000o\000c\000o\000l\000s}{section.2.4}% 27
\BOOKMARK [2][-]{subsection.2.4.3}{\376\377\000G\000N\000S\000S\000-\000B\000a\000s\000e\000d\000\040\000S\000y\000n\000c\000h\000r\000o\000n\000i\000z\000a\000t\000i\000o\000n}{section.2.4}% 28
\BOOKMARK [2][-]{subsection.2.4.4}{\376\377\000H\000y\000b\000r\000i\000d\000\040\000a\000n\000d\000\040\000A\000p\000p\000l\000i\000c\000a\000t\000i\000o\000n\000-\000S\000p\000e\000c\000i\000f\000i\000c\000\040\000A\000p\000p\000r\000o\000a\000c\000h\000e\000s}{section.2.4}% 29
\BOOKMARK [2][-]{subsection.2.4.5}{\376\377\000C\000o\000m\000p\000a\000r\000i\000s\000o\000n\000\040\000a\000n\000d\000\040\000J\000u\000s\000t\000i\000f\000i\000c\000a\000t\000i\000o\000n\000\040\000o\000f\000\040\000t\000h\000e\000\040\000P\000r\000o\000p\000o\000s\000e\000d\000\040\000A\000p\000p\000r\000o\000a\000c\000h}{section.2.4}% 30
\BOOKMARK [0][-]{chapter.3}{\376\377\000S\000y\000s\000t\000e\000m\000\040\000D\000e\000s\000i\000g\000n}{}% 31
\BOOKMARK [1][-]{section.3.1}{\376\377\000S\000y\000s\000t\000e\000m\000\040\000R\000e\000q\000u\000i\000r\000e\000m\000e\000n\000t\000s}{chapter.3}% 32
\BOOKMARK [2][-]{subsection.3.1.1}{\376\377\000S\000y\000n\000c\000h\000r\000o\000n\000i\000z\000a\000t\000i\000o\000n\000\040\000A\000c\000c\000u\000r\000a\000c\000y\000\040\000R\000e\000q\000u\000i\000r\000e\000m\000e\000n\000t}{section.3.1}% 33
\BOOKMARK [2][-]{subsection.3.1.2}{\376\377\000D\000e\000t\000e\000r\000m\000i\000n\000i\000s\000t\000i\000c\000\040\000B\000e\000h\000a\000v\000i\000o\000r}{section.3.1}% 34
\BOOKMARK [2][-]{subsection.3.1.3}{\376\377\000S\000c\000a\000l\000a\000b\000i\000l\000i\000t\000y}{section.3.1}% 35
\BOOKMARK [2][-]{subsection.3.1.4}{\376\377\000H\000a\000r\000d\000w\000a\000r\000e\000\040\000C\000o\000n\000s\000t\000r\000a\000i\000n\000t\000s}{section.3.1}% 36
\BOOKMARK [2][-]{subsection.3.1.5}{\376\377\000E\000n\000v\000i\000r\000o\000n\000m\000e\000n\000t\000a\000l\000\040\000R\000o\000b\000u\000s\000t\000n\000e\000s\000s}{section.3.1}% 37
\BOOKMARK [2][-]{subsection.3.1.6}{\376\377\000I\000n\000t\000e\000g\000r\000a\000t\000i\000o\000n\000\040\000R\000e\000q\000u\000i\000r\000e\000m\000e\000n\000t\000s}{section.3.1}% 38
\BOOKMARK [2][-]{subsection.3.1.7}{\376\377\000S\000u\000m\000m\000a\000r\000y\000\040\000o\000f\000\040\000R\000e\000q\000u\000i\000r\000e\000m\000e\000n\000t\000s}{section.3.1}% 39
\BOOKMARK [1][-]{section.3.2}{\376\377\000H\000a\000r\000d\000w\000a\000r\000e\000\040\000A\000r\000c\000h\000i\000t\000e\000c\000t\000u\000r\000e}{chapter.3}% 40
\BOOKMARK [2][-]{subsection.3.2.1}{\376\377\000S\000i\000g\000n\000a\000l\000\040\000F\000l\000o\000w}{section.3.2}% 41
\BOOKMARK [2][-]{subsection.3.2.2}{\376\377\000T\000i\000m\000i\000n\000g\000\040\000D\000e\000t\000e\000r\000m\000i\000n\000i\000s\000m}{section.3.2}% 42
\BOOKMARK [2][-]{subsection.3.2.3}{\376\377\000P\000o\000w\000e\000r\000\040\000A\000r\000c\000h\000i\000t\000e\000c\000t\000u\000r\000e\000\040\000C\000o\000n\000s\000i\000d\000e\000r\000a\000t\000i\000o\000n\000s}{section.3.2}% 43
\BOOKMARK [1][-]{section.3.3}{\376\377\000C\000o\000m\000m\000u\000n\000i\000c\000a\000t\000i\000o\000n\000\040\000I\000n\000t\000e\000r\000f\000a\000c\000e\000s}{chapter.3}% 44
\BOOKMARK [2][-]{subsection.3.3.1}{\376\377\000R\000T\000K\000\040\000P\000P\000S\000\040\000I\000n\000t\000e\000r\000f\000a\000c\000e}{section.3.3}% 45
\BOOKMARK [2][-]{subsection.3.3.2}{\376\377\000C\000o\000m\000p\000a\000n\000i\000o\000n\000\040\000C\000o\000m\000p\000u\000t\000e\000r\000\040\000I\000n\000t\000e\000r\000f\000a\000c\000e}{section.3.3}% 46
\BOOKMARK [2][-]{subsection.3.3.3}{\376\377\000S\000e\000p\000a\000r\000a\000t\000i\000o\000n\000\040\000o\000f\000\040\000T\000i\000m\000e\000-\000C\000r\000i\000t\000i\000c\000a\000l\000\040\000a\000n\000d\000\040\000N\000o\000n\000-\000C\000r\000i\000t\000i\000c\000a\000l\000\040\000T\000a\000s\000k\000s}{section.3.3}% 47
\BOOKMARK [2][-]{subsection.3.3.4}{\376\377\000S\000c\000a\000l\000a\000b\000i\000l\000i\000t\000y\000\040\000C\000o\000n\000s\000i\000d\000e\000r\000a\000t\000i\000o\000n\000s}{section.3.3}% 48
\BOOKMARK [1][-]{section.3.4}{\376\377\000T\000i\000m\000e\000\040\000D\000i\000s\000t\000r\000i\000b\000u\000t\000i\000o\000n\000\040\000C\000o\000n\000c\000e\000p\000t}{chapter.3}% 49
\BOOKMARK [2][-]{subsection.3.4.1}{\376\377\000L\000o\000c\000a\000l\000\040\000T\000i\000m\000e\000\040\000B\000a\000s\000e\000\040\000G\000e\000n\000e\000r\000a\000t\000i\000o\000n}{section.3.4}% 50
\BOOKMARK [2][-]{subsection.3.4.2}{\376\377\000T\000i\000m\000e\000s\000t\000a\000m\000p\000\040\000G\000e\000n\000e\000r\000a\000t\000i\000o\000n}{section.3.4}% 51
\BOOKMARK [2][-]{subsection.3.4.3}{\376\377\000D\000i\000s\000t\000r\000i\000b\000u\000t\000i\000o\000n\000\040\000t\000o\000\040\000U\000A\000V\000\040\000S\000y\000s\000t\000e\000m}{section.3.4}% 52
\BOOKMARK [2][-]{subsection.3.4.4}{\376\377\000G\000l\000o\000b\000a\000l\000\040\000C\000o\000n\000s\000i\000s\000t\000e\000n\000c\000y\000\040\000A\000c\000r\000o\000s\000s\000\040\000S\000w\000a\000r\000m}{section.3.4}% 53
\BOOKMARK [0][-]{chapter.4}{\376\377\000H\000a\000r\000d\000w\000a\000r\000e\000\040\000I\000m\000p\000l\000e\000m\000e\000n\000t\000a\000t\000i\000o\000n}{}% 54
\BOOKMARK [1][-]{section.4.1}{\376\377\000M\000i\000c\000r\000o\000c\000o\000n\000t\000r\000o\000l\000l\000e\000r\000\040\000C\000o\000r\000e\000\040\000D\000e\000s\000i\000g\000n}{chapter.4}% 55
\BOOKMARK [2][-]{subsection.4.1.1}{\376\377\000D\000e\000v\000i\000c\000e\000\040\000S\000e\000l\000e\000c\000t\000i\000o\000n\000\040\000R\000a\000t\000i\000o\000n\000a\000l\000e}{section.4.1}% 56
\BOOKMARK [2][-]{subsection.4.1.2}{\376\377\000C\000l\000o\000c\000k\000\040\000A\000r\000c\000h\000i\000t\000e\000c\000t\000u\000r\000e}{section.4.1}% 57
\BOOKMARK [2][-]{subsection.4.1.3}{\376\377\000P\000P\000S\000\040\000I\000n\000p\000u\000t\000\040\000C\000o\000n\000f\000i\000g\000u\000r\000a\000t\000i\000o\000n}{section.4.1}% 58
\BOOKMARK [2][-]{subsection.4.1.4}{\376\377\000R\000e\000s\000e\000t\000\040\000a\000n\000d\000\040\000B\000o\000o\000t\000\040\000C\000o\000n\000f\000i\000g\000u\000r\000a\000t\000i\000o\000n}{section.4.1}% 59
\BOOKMARK [2][-]{subsection.4.1.5}{\376\377\000D\000e\000b\000u\000g\000\040\000I\000n\000t\000e\000r\000f\000a\000c\000e}{section.4.1}% 60
\BOOKMARK [1][-]{section.4.2}{\376\377\000D\000C\000F\0007\0007\000\040\000a\000n\000d\000\040\000R\000T\000K\000\040\000P\000P\000S\000\040\000I\000n\000t\000e\000r\000f\000a\000c\000e\000\040\000D\000e\000s\000i\000g\000n}{chapter.4}% 61
\BOOKMARK [2][-]{subsection.4.2.1}{\376\377\000P\000P\000S\000\040\000S\000i\000g\000n\000a\000l\000\040\000R\000o\000u\000t\000i\000n\000g}{section.4.2}% 62
\BOOKMARK [2][-]{subsection.4.2.2}{\376\377\000D\000i\000r\000e\000c\000t\000\040\000E\000d\000g\000e\000\040\000D\000e\000t\000e\000c\000t\000i\000o\000n}{section.4.2}% 63
\BOOKMARK [2][-]{subsection.4.2.3}{\376\377\000U\000A\000R\000T\000\040\000D\000i\000a\000g\000n\000o\000s\000t\000i\000c\000\040\000C\000o\000m\000m\000u\000n\000i\000c\000a\000t\000i\000o\000n}{section.4.2}% 64
\BOOKMARK [2][-]{subsection.4.2.4}{\376\377\000C\000o\000n\000n\000e\000c\000t\000o\000r\000\040\000M\000i\000r\000r\000o\000r\000i\000n\000g\000\040\000S\000t\000r\000a\000t\000e\000g\000y}{section.4.2}% 65
\BOOKMARK [2][-]{subsection.4.2.5}{\376\377\000D\000e\000s\000i\000g\000n\000\040\000C\000o\000n\000s\000i\000d\000e\000r\000a\000t\000i\000o\000n\000s\000\040\000f\000o\000r\000\040\000T\000i\000m\000i\000n\000g\000\040\000A\000c\000c\000u\000r\000a\000c\000y}{section.4.2}% 66
\BOOKMARK [1][-]{section.4.3}{\376\377\000P\000o\000w\000e\000r\000\040\000S\000u\000p\000p\000l\000y\000\040\000D\000e\000s\000i\000g\000n}{chapter.4}% 67
\BOOKMARK [2][-]{subsection.4.3.1}{\376\377\000V\000o\000l\000t\000a\000g\000e\000\040\000R\000e\000g\000u\000l\000a\000t\000i\000o\000n}{section.4.3}% 68
\BOOKMARK [2][-]{subsection.4.3.2}{\376\377\000D\000e\000s\000i\000g\000n\000\040\000J\000u\000s\000t\000i\000f\000i\000c\000a\000t\000i\000o\000n}{section.4.3}% 69
\BOOKMARK [2][-]{subsection.4.3.3}{\376\377\000L\000i\000m\000i\000t\000a\000t\000i\000o\000n\000s\000\040\000a\000n\000d\000\040\000F\000u\000t\000u\000r\000e\000\040\000I\000m\000p\000r\000o\000v\000e\000m\000e\000n\000t}{section.4.3}% 70
\BOOKMARK [2][-]{subsection.4.3.4}{\376\377\000P\000o\000w\000e\000r\000\040\000I\000n\000t\000e\000g\000r\000i\000t\000y\000\040\000C\000o\000n\000s\000i\000d\000e\000r\000a\000t\000i\000o\000n\000s}{section.4.3}% 71
\BOOKMARK [1][-]{section.4.4}{\376\377\000P\000C\000B\000\040\000L\000a\000y\000o\000u\000t\000\040\000a\000n\000d\000\040\000G\000r\000o\000u\000n\000d\000i\000n\000g\000\040\000S\000t\000r\000a\000t\000e\000g\000y}{chapter.4}% 72
\BOOKMARK [2][-]{subsection.4.4.1}{\376\377\000L\000a\000y\000e\000r\000\040\000S\000t\000a\000c\000k\000\040\000C\000o\000n\000f\000i\000g\000u\000r\000a\000t\000i\000o\000n}{section.4.4}% 73
\BOOKMARK [2][-]{subsection.4.4.2}{\376\377\000G\000r\000o\000u\000n\000d\000\040\000P\000l\000a\000n\000e\000\040\000S\000t\000r\000a\000t\000e\000g\000y}{section.4.4}% 74
\BOOKMARK [2][-]{subsection.4.4.3}{\376\377\000C\000o\000m\000p\000o\000n\000e\000n\000t\000\040\000P\000l\000a\000c\000e\000m\000e\000n\000t\000\040\000P\000h\000i\000l\000o\000s\000o\000p\000h\000y}{section.4.4}% 75
\BOOKMARK [2][-]{subsection.4.4.4}{\376\377\000P\000o\000w\000e\000r\000\040\000P\000l\000a\000n\000e\000\040\000D\000e\000s\000i\000g\000n}{section.4.4}% 76
\BOOKMARK [2][-]{subsection.4.4.5}{\376\377\000H\000i\000g\000h\000-\000S\000p\000e\000e\000d\000\040\000a\000n\000d\000\040\000T\000i\000m\000i\000n\000g\000\040\000T\000r\000a\000c\000e\000\040\000C\000o\000n\000s\000i\000d\000e\000r\000a\000t\000i\000o\000n\000s}{section.4.4}% 77
\BOOKMARK [2][-]{subsection.4.4.6}{\376\377\000T\000h\000e\000r\000m\000a\000l\000\040\000a\000n\000d\000\040\000M\000e\000c\000h\000a\000n\000i\000c\000a\000l\000\040\000S\000t\000a\000b\000i\000l\000i\000t\000y}{section.4.4}% 78
\BOOKMARK [1][-]{section.4.5}{\376\377\000S\000i\000g\000n\000a\000l\000\040\000I\000n\000t\000e\000g\000r\000i\000t\000y\000\040\000a\000n\000d\000\040\000T\000i\000m\000i\000n\000g\000\040\000P\000r\000e\000s\000e\000r\000v\000a\000t\000i\000o\000n}{chapter.4}% 79
\BOOKMARK [2][-]{subsection.4.5.1}{\376\377\000E\000d\000g\000e\000\040\000I\000n\000t\000e\000g\000r\000i\000t\000y\000\040\000o\000f\000\040\000t\000h\000e\000\040\000P\000P\000S\000\040\000S\000i\000g\000n\000a\000l}{section.4.5}% 80
\BOOKMARK [2][-]{subsection.4.5.2}{\376\377\000T\000i\000m\000e\000r\000\040\000R\000e\000s\000o\000l\000u\000t\000i\000o\000n\000\040\000L\000i\000m\000i\000t\000a\000t\000i\000o\000n}{section.4.5}% 81
\BOOKMARK [2][-]{subsection.4.5.3}{\376\377\000I\000n\000t\000e\000r\000r\000u\000p\